[17:48:58.538][info] [#0:D:/lua-language-server-3.15.0-win32-x64\main.lua:68]: Lua Lsp startup, root: 	D:/lua-language-server-3.15.0-win32-x64
[17:48:58.539][info] [#0:D:/lua-language-server-3.15.0-win32-x64\main.lua:69]: ROOT:	D:/lua-language-server-3.15.0-win32-x64
[17:48:58.539][info] [#0:D:/lua-language-server-3.15.0-win32-x64\main.lua:70]: LOGPATH:	D:/lua-language-server-3.15.0-win32-x64/log
[17:48:58.539][info] [#0:D:/lua-language-server-3.15.0-win32-x64\main.lua:71]: METAPATH:	D:/lua-language-server-3.15.0-win32-x64/meta
[17:48:58.539][info] [#0:D:/lua-language-server-3.15.0-win32-x64\main.lua:72]: VERSION:	3.15.0
[17:48:58.569][info] [#0:script\language.lua:137]: VSC language: nil
[17:48:58.569][info] [#0:script\language.lua:138]: LS  language: en-us
[17:48:58.569][info] [#0:script\client.lua:657]: Client init	{
  capabilities = {
    textDocument = {
      completion = {
        completionItem = {
          tagSupport = {
            valueSet = { 1, 2 }
          }
        }
      }
    },
    workspace = {
      configuration = true
    }
  },
  initializationOptions = {
    changeConfiguration = true,
    trustByClient = true,
    useSemanticByRange = true,
    viewDocument = true
  },
  rootUri = "file:///d%3A/Workspace/CLionProjects/UniComm/cmake-build-debug/script/new.lua"
}
[17:48:58.569][info] [#0:script\language.lua:137]: VSC language: nil
[17:48:58.569][info] [#0:script\language.lua:138]: LS  language: en-us
[17:48:58.569][info] [#0:script\workspace\workspace.lua:38]: Workspace init root: 	file:///d%3A/Workspace/CLionProjects/UniComm/cmake-build-debug/script/new.lua
[17:48:58.569][info] [#0:script\workspace\workspace.lua:42]: Log path: 	D:/lua-language-server-3.15.0-win32-x64/log/file_d%3A_Workspace_CLionProjects_UniComm_cmake-build-debug_script_new.lua.log
